
Memory Configuration

Name             Origin             Length             Attributes
flash            0x00000000         0x00020000         xr
sram             0x20000000         0x00005000         xrw
*default*        0x00000000         0xffffffff

Linker script and memory map


.text           0x00000000      0x14c
 *(.vectors)
 .vectors       0x00000000       0x1c startup.o
                0x00000000                vectors
 *(.text)
 .text          0x0000001c       0xa0 main.o
                0x0000001c                main
 .text          0x000000bc       0x90 startup.o
                0x000000bc                hardFaultHandler
                0x000000bc                defaultHandler
                0x000000bc                NMIHandler
                0x000000bc                usageFaultHandler
                0x000000bc                busFaultHandler
                0x000000bc                MMFaultHandler
                0x000000c8                resetHandler
 *(.rodata)
                0x0000014c                E_TEXT = .

.glue_7         0x0000014c        0x0
 .glue_7        0x0000014c        0x0 linker stubs

.glue_7t        0x0000014c        0x0
 .glue_7t       0x0000014c        0x0 linker stubs

.vfp11_veneer   0x0000014c        0x0
 .vfp11_veneer  0x0000014c        0x0 linker stubs

.v4_bx          0x0000014c        0x0
 .v4_bx         0x0000014c        0x0 linker stubs

.iplt           0x0000014c        0x0
 .iplt          0x0000014c        0x0 main.o

.rel.dyn        0x0000014c        0x0
 .rel.iplt      0x0000014c        0x0 main.o

.data           0x20000000        0x0 load address 0x0000014c
                0x20000000                S_DATA = .
 *(.data)
 .data          0x20000000        0x0 main.o
 .data          0x20000000        0x0 startup.o
                0x20000000                . = ALIGN (0x4)
                0x20000000                E_DATA = .

.igot.plt       0x20000000        0x0 load address 0x0000014c
 .igot.plt      0x20000000        0x0 main.o

.bss            0x20000000      0x400 load address 0x0000014c
                0x20000000                S_BSS = .
 *(.bss)
 .bss           0x20000000        0x0 main.o
 .bss           0x20000000      0x400 startup.o
 *(COMMON)
                0x20000400                E_BSS = .
LOAD main.o
LOAD startup.o
OUTPUT(led_toggle_cortexM4.elf elf32-littlearm)

.debug_info     0x00000000      0x22a
 .debug_info    0x00000000       0x94 main.o
 .debug_info    0x00000094      0x196 startup.o

.debug_abbrev   0x00000000      0x14b
 .debug_abbrev  0x00000000       0x67 main.o
 .debug_abbrev  0x00000067       0xe4 startup.o

.debug_loc      0x00000000       0xcc
 .debug_loc     0x00000000       0x38 main.o
 .debug_loc     0x00000038       0x94 startup.o

.debug_aranges  0x00000000       0x40
 .debug_aranges
                0x00000000       0x20 main.o
 .debug_aranges
                0x00000020       0x20 startup.o

.debug_line     0x00000000       0xea
 .debug_line    0x00000000       0x6f main.o
 .debug_line    0x0000006f       0x7b startup.o

.debug_str      0x00000000      0x184
 .debug_str     0x00000000      0x115 main.o
                                0x135 (size before relaxing)
 .debug_str     0x00000115       0x6f startup.o
                                0x189 (size before relaxing)

.comment        0x00000000       0x7e
 .comment       0x00000000       0x7e main.o
                                 0x7f (size before relaxing)
 .comment       0x0000007e       0x7f startup.o

.ARM.attributes
                0x00000000       0x33
 .ARM.attributes
                0x00000000       0x33 main.o
 .ARM.attributes
                0x00000033       0x33 startup.o

.debug_frame    0x00000000       0x80
 .debug_frame   0x00000000       0x2c main.o
 .debug_frame   0x0000002c       0x54 startup.o
