
Allocating common symbols
Common symbol       size              file

g_vars3             0x3               main.o

Memory Configuration

Name             Origin             Length             Attributes
flash            0x08000000         0x00020000         xr
sram             0x20000000         0x00005000         xrw
*default*        0x00000000         0xffffffff

Linker script and memory map


.text           0x08000000      0x137
 *(.vectors)
 .vectors       0x08000000       0x1c startup.o
                0x08000000                vectors
 *(.text)
 .text          0x0800001c       0x88 main.o
                0x0800001c                main
 .text          0x080000a4       0x90 startup.o
                0x080000a4                hardFaultHandler
                0x080000a4                defaultHandler
                0x080000a4                NMIHandler
                0x080000a4                usageFaultHandler
                0x080000a4                busFaultHandler
                0x080000a4                MMFaultHandler
                0x080000b0                resetHandler
 *(.rodata)
 .rodata        0x08000134        0x3 main.o
                0x08000134                g_vars2
                0x08000137                E_TEXT = .

.glue_7         0x08000138        0x0
 .glue_7        0x08000138        0x0 linker stubs

.glue_7t        0x08000138        0x0
 .glue_7t       0x08000138        0x0 linker stubs

.vfp11_veneer   0x08000138        0x0
 .vfp11_veneer  0x08000138        0x0 linker stubs

.v4_bx          0x08000138        0x0
 .v4_bx         0x08000138        0x0 linker stubs

.iplt           0x08000138        0x0
 .iplt          0x08000138        0x0 main.o

.rel.dyn        0x08000138        0x0
 .rel.iplt      0x08000138        0x0 main.o

.data           0x20000000        0x4 load address 0x08000137
                0x20000000                S_DATA = .
 *(.data)
 .data          0x20000000        0x3 main.o
                0x20000000                g_vars
 .data          0x20000003        0x0 startup.o
                0x20000003                E_DATA = .
                0x20000004                . = ALIGN (0x4)
 *fill*         0x20000003        0x1 

.igot.plt       0x20000004        0x0 load address 0x0800013b
 .igot.plt      0x20000004        0x0 main.o

.bss            0x20000004     0x1004 load address 0x0800013b
                0x20000004                S_BSS = .
 *(.bss)
 .bss           0x20000004        0x0 main.o
 .bss           0x20000004        0x0 startup.o
 *(COMMON)
 COMMON         0x20000004        0x3 main.o
                0x20000004                g_vars3
                0x20000007                E_BSS = .
                0x20000008                . = ALIGN (0x4)
 *fill*         0x20000007        0x1 
                0x20001008                . = (. + 0x1000)
 *fill*         0x20000008     0x1000 
                0x20001008                stack_top = .
LOAD main.o
LOAD startup.o
OUTPUT(led_toggle.elf elf32-littlearm)

.debug_info     0x00000000      0x278
 .debug_info    0x00000000      0x103 main.o
 .debug_info    0x00000103      0x175 startup.o

.debug_abbrev   0x00000000      0x170
 .debug_abbrev  0x00000000       0x98 main.o
 .debug_abbrev  0x00000098       0xd8 startup.o

.debug_loc      0x00000000       0xcc
 .debug_loc     0x00000000       0x38 main.o
 .debug_loc     0x00000038       0x94 startup.o

.debug_aranges  0x00000000       0x40
 .debug_aranges
                0x00000000       0x20 main.o
 .debug_aranges
                0x00000020       0x20 startup.o

.debug_line     0x00000000       0xdd
 .debug_line    0x00000000       0x62 main.o
 .debug_line    0x00000062       0x7b startup.o

.debug_str      0x00000000      0x19f
 .debug_str     0x00000000      0x13f main.o
                                0x15f (size before relaxing)
 .debug_str     0x0000013f       0x60 startup.o
                                0x19d (size before relaxing)

.comment        0x00000000       0x7e
 .comment       0x00000000       0x7e main.o
                                 0x7f (size before relaxing)
 .comment       0x0000007e       0x7f startup.o

.ARM.attributes
                0x00000000       0x33
 .ARM.attributes
                0x00000000       0x33 main.o
 .ARM.attributes
                0x00000033       0x33 startup.o

.debug_frame    0x00000000       0x80
 .debug_frame   0x00000000       0x2c main.o
 .debug_frame   0x0000002c       0x54 startup.o
