
Allocating common symbols
Common symbol       size              file

message2            0x64              app.o

Memory Configuration

Name             Origin             Length             Attributes
Mem              0x00000000         0x04000000         xrw
*default*        0x00000000         0xffffffff

Linker script and memory map

                0x00010000                . = 0x10000

.startup        0x00010000       0x10
 startup.o(.text)
 .text          0x00010000       0x10 startup.o
                0x00010000                yehia

.text           0x00010010       0x78
 *(.text)
 .text          0x00010010       0x24 app.o
                0x00010010                main
 .text          0x00010034       0x54 uart.o
                0x00010034                UART_Send_String

.glue_7         0x00010088        0x0
 .glue_7        0x00010088        0x0 linker stubs

.glue_7t        0x00010088        0x0
 .glue_7t       0x00010088        0x0 linker stubs

.vfp11_veneer   0x00010088        0x0
 .vfp11_veneer  0x00010088        0x0 linker stubs

.v4_bx          0x00010088        0x0
 .v4_bx         0x00010088        0x0 linker stubs

.iplt           0x00010088        0x0
 .iplt          0x00010088        0x0 startup.o

.rodata         0x00010088       0x64
 *(.rodata)
 .rodata        0x00010088       0x64 app.o
                0x00010088                message3

.rel.dyn        0x000100ec        0x0
 .rel.iplt      0x000100ec        0x0 startup.o

.data           0x000100ec       0x64
 *(.data)
 .data          0x000100ec        0x0 startup.o
 .data          0x000100ec       0x64 app.o
                0x000100ec                message
 .data          0x00010150        0x0 uart.o

.igot.plt       0x00010150        0x0
 .igot.plt      0x00010150        0x0 startup.o

.bss            0x00010150       0x64
 *(.bss)
 .bss           0x00010150        0x0 startup.o
 .bss           0x00010150        0x0 app.o
 .bss           0x00010150        0x0 uart.o
 COMMON         0x00010150       0x64 app.o
                0x00010150                message2
                0x000111b4                . = (. + 0x1000)
                0x000111b4                stack_top = .
LOAD app.o
LOAD uart.o
LOAD startup.o
OUTPUT(app.elf elf32-littlearm)

.ARM.attributes
                0x00000000       0x2c
 .ARM.attributes
                0x00000000       0x12 startup.o
 .ARM.attributes
                0x00000012       0x30 app.o
 .ARM.attributes
                0x00000042       0x30 uart.o

.comment        0x00000000       0x7e
 .comment       0x00000000       0x7e app.o
                                 0x7f (size before relaxing)
 .comment       0x0000007e       0x7f uart.o
