
Allocating common symbols
Common symbol       size              file

AControllerStateID  0x1               Build/AlarmController.o
PSensorStateID      0x1               Build/PSensorDriver.o
PControllerCurrState
                    0x4               Build/PController.o
PSensorCurrState    0x4               Build/PSensorDriver.o
AControllerCurrState
                    0x4               Build/AlarmController.o
PControllerStateID  0x1               Build/PController.o

Memory Configuration

Name             Origin             Length             Attributes
flash            0x08000000         0x00020000         xr
sram             0x20000000         0x00005000         xrw
*default*        0x00000000         0xffffffff

Linker script and memory map


.text           0x08000000      0x324
 *(.vectors)
 .vectors       0x08000000       0x1c Build/startup.o
                0x08000000                vectors
 *(.text)
 .text          0x0800001c       0x40 Build/main.o
                0x0800001c                setup
                0x08000030                main
 .text          0x0800005c       0x90 Build/startup.o
                0x0800005c                resetHandler
                0x080000e0                defaultHandler
                0x080000e0                NMIHandler
                0x080000e0                usageFaultHandler
                0x080000e0                busFaultHandler
                0x080000e0                hardFaultHandler
                0x080000e0                MMFaultHandler
 .text          0x080000ec       0x94 Build/AlarmController.o
                0x080000ec                startAlarm
                0x08000108                AControllerSetup
                0x08000124                AControllerNoAlarmState
                0x08000148                AControllerStartedState
 .text          0x08000180       0x88 Build/PController.o
                0x08000180                setPressure
                0x080001bc                PControllerSetup
                0x080001d8                PControllerLowPState
                0x080001f0                PControllerHighPState
 .text          0x08000208       0x58 Build/PSensorDriver.o
                0x08000208                PSensorSetup
                0x08000224                PSensorReadingState
 .text          0x08000260       0xc4 Build/driver.o
                0x08000260                Delay
                0x08000280                getPressureVal
                0x08000298                Set_Alarm_actuator
                0x080002d4                GPIO_INITIALIZATION
 *(.rodata)
                0x08000324                E_TEXT = .

.glue_7         0x08000324        0x0
 .glue_7        0x08000324        0x0 linker stubs

.glue_7t        0x08000324        0x0
 .glue_7t       0x08000324        0x0 linker stubs

.vfp11_veneer   0x08000324        0x0
 .vfp11_veneer  0x08000324        0x0 linker stubs

.v4_bx          0x08000324        0x0
 .v4_bx         0x08000324        0x0 linker stubs

.iplt           0x08000324        0x0
 .iplt          0x08000324        0x0 Build/main.o

.rel.dyn        0x08000324        0x0
 .rel.iplt      0x08000324        0x0 Build/main.o

.data           0x20000000        0x0 load address 0x08000324
                0x20000000                S_DATA = .
 *(.data)
 .data          0x20000000        0x0 Build/main.o
 .data          0x20000000        0x0 Build/startup.o
 .data          0x20000000        0x0 Build/AlarmController.o
 .data          0x20000000        0x0 Build/PController.o
 .data          0x20000000        0x0 Build/PSensorDriver.o
 .data          0x20000000        0x0 Build/driver.o
                0x20000000                . = ALIGN (0x4)
                0x20000000                E_DATA = .

.igot.plt       0x20000000        0x0 load address 0x08000324
 .igot.plt      0x20000000        0x0 Build/main.o

.bss            0x20000000     0x1020 load address 0x08000324
                0x20000000                S_BSS = .
 *(.bss)
 .bss           0x20000000        0x0 Build/main.o
 .bss           0x20000000        0x0 Build/startup.o
 .bss           0x20000000        0x0 Build/AlarmController.o
 .bss           0x20000000        0x4 Build/PController.o
 .bss           0x20000004        0x4 Build/PSensorDriver.o
 .bss           0x20000008        0x0 Build/driver.o
 *(COMMON)
 COMMON         0x20000008        0x8 Build/AlarmController.o
                0x20000008                AControllerStateID
                0x2000000c                AControllerCurrState
 COMMON         0x20000010        0x5 Build/PController.o
                0x20000010                PControllerCurrState
                0x20000014                PControllerStateID
 *fill*         0x20000015        0x3 
 COMMON         0x20000018        0x8 Build/PSensorDriver.o
                0x20000018                PSensorStateID
                0x2000001c                PSensorCurrState
                0x20000020                E_BSS = .
                0x20000020                . = ALIGN (0x4)
                0x20001020                . = (. + 0x1000)
 *fill*         0x20000020     0x1000 
                0x20001020                stack_top = .
LOAD Build/main.o
LOAD Build/startup.o
LOAD Build/AlarmController.o
LOAD Build/PController.o
LOAD Build/PSensorDriver.o
LOAD Build/driver.o
OUTPUT(PressureCTRL.elf elf32-littlearm)

.debug_info     0x00000000     0x2a9d
 .debug_info    0x00000000      0x9cb Build/main.o
 .debug_info    0x000009cb      0x17b Build/startup.o
 .debug_info    0x00000b46      0xa1e Build/AlarmController.o
 .debug_info    0x00001564      0x12c Build/PController.o
 .debug_info    0x00001690      0xa08 Build/PSensorDriver.o
 .debug_info    0x00002098      0xa05 Build/driver.o

.debug_abbrev   0x00000000      0x90e
 .debug_abbrev  0x00000000      0x1a1 Build/main.o
 .debug_abbrev  0x000001a1       0xd8 Build/startup.o
 .debug_abbrev  0x00000279      0x1d9 Build/AlarmController.o
 .debug_abbrev  0x00000452       0xf6 Build/PController.o
 .debug_abbrev  0x00000548      0x1e8 Build/PSensorDriver.o
 .debug_abbrev  0x00000730      0x1de Build/driver.o

.debug_loc      0x00000000      0x48c
 .debug_loc     0x00000000       0x58 Build/main.o
 .debug_loc     0x00000058       0x94 Build/startup.o
 .debug_loc     0x000000ec       0xe0 Build/AlarmController.o
 .debug_loc     0x000001cc      0x110 Build/PController.o
 .debug_loc     0x000002dc       0x70 Build/PSensorDriver.o
 .debug_loc     0x0000034c      0x140 Build/driver.o

.debug_aranges  0x00000000       0xc0
 .debug_aranges
                0x00000000       0x20 Build/main.o
 .debug_aranges
                0x00000020       0x20 Build/startup.o
 .debug_aranges
                0x00000040       0x20 Build/AlarmController.o
 .debug_aranges
                0x00000060       0x20 Build/PController.o
 .debug_aranges
                0x00000080       0x20 Build/PSensorDriver.o
 .debug_aranges
                0x000000a0       0x20 Build/driver.o

.debug_line     0x00000000      0x6dc
 .debug_line    0x00000000      0x173 Build/main.o
 .debug_line    0x00000173       0x7f Build/startup.o
 .debug_line    0x000001f2      0x150 Build/AlarmController.o
 .debug_line    0x00000342       0x81 Build/PController.o
 .debug_line    0x000003c3      0x159 Build/PSensorDriver.o
 .debug_line    0x0000051c      0x1c0 Build/driver.o

.debug_str      0x00000000      0x80c
 .debug_str     0x00000000      0x54a Build/main.o
                                0x5a2 (size before relaxing)
 .debug_str     0x0000054a       0x77 Build/startup.o
                                0x19f (size before relaxing)
 .debug_str     0x000005c1       0xb2 Build/AlarmController.o
                                0x61c (size before relaxing)
 .debug_str     0x00000673       0xc8 Build/PController.o
                                0x20c (size before relaxing)
 .debug_str     0x0000073b       0x73 Build/PSensorDriver.o
                                0x5e0 (size before relaxing)
 .debug_str     0x000007ae       0x5e Build/driver.o
                                0x5bc (size before relaxing)

.comment        0x00000000       0x7e
 .comment       0x00000000       0x7e Build/main.o
                                 0x7f (size before relaxing)
 .comment       0x0000007e       0x7f Build/startup.o
 .comment       0x0000007e       0x7f Build/AlarmController.o
 .comment       0x0000007e       0x7f Build/PController.o
 .comment       0x0000007e       0x7f Build/PSensorDriver.o
 .comment       0x0000007e       0x7f Build/driver.o

.ARM.attributes
                0x00000000       0x33
 .ARM.attributes
                0x00000000       0x33 Build/main.o
 .ARM.attributes
                0x00000033       0x33 Build/startup.o
 .ARM.attributes
                0x00000066       0x33 Build/AlarmController.o
 .ARM.attributes
                0x00000099       0x33 Build/PController.o
 .ARM.attributes
                0x000000cc       0x33 Build/PSensorDriver.o
 .ARM.attributes
                0x000000ff       0x33 Build/driver.o

.debug_frame    0x00000000      0x2a4
 .debug_frame   0x00000000       0x48 Build/main.o
 .debug_frame   0x00000048       0x54 Build/startup.o
 .debug_frame   0x0000009c       0x88 Build/AlarmController.o
 .debug_frame   0x00000124       0x94 Build/PController.o
 .debug_frame   0x000001b8       0x4c Build/PSensorDriver.o
 .debug_frame   0x00000204       0xa0 Build/driver.o
